\BOOKMARK [1][-]{section.1}{\376\377\000C\000o\000n\000t\000e\000x\000t\000o}{}% 1
\BOOKMARK [1][-]{section.2}{\376\377\000R\000e\000q\000u\000e\000r\000i\000m\000i\000e\000n\000t\000o\000s\000\040\000d\000e\000l\000\040\000S\000i\000s\000t\000e\000m\000a\000\040\000d\000e\000\040\000P\000r\000o\000p\000u\000l\000s\000i\000\363\000n}{}% 2
\BOOKMARK [1][-]{section.3}{\376\377\000P\000r\000o\000p\000e\000l\000e\000n\000t\000e}{}% 3
\BOOKMARK [2][-]{subsection.3.1}{\376\377\000S\000e\000l\000e\000c\000c\000i\000\363\000n}{section.3}% 4
\BOOKMARK [2][-]{subsection.3.2}{\376\377\000M\000a\000s\000a\000\040\000d\000e\000\040\000p\000r\000o\000p\000e\000l\000e\000n\000t\000e\000:\000\040\000d\000e\000r\000i\000v\000a\000c\000i\000\363\000n}{section.3}% 5
\BOOKMARK [1][-]{section.4}{\376\377\000G\000e\000o\000m\000e\000t\000r\000\355\000a\000\040\000d\000e\000l\000\040\000G\000r\000a\000n\000o}{}% 6
\BOOKMARK [2][-]{subsection.4.1}{\376\377\000P\000a\000r\000\341\000m\000e\000t\000r\000o\000s\000\040\000c\000o\000n\000g\000e\000l\000a\000d\000o\000s}{section.4}% 7
\BOOKMARK [2][-]{subsection.4.2}{\376\377\000V\000e\000r\000i\000f\000i\000c\000a\000c\000i\000\363\000n\000\040\000d\000e\000\040\000m\000a\000s\000a}{section.4}% 8
\BOOKMARK [2][-]{subsection.4.3}{\376\377\000T\000a\000s\000a\000\040\000d\000e\000\040\000q\000u\000e\000m\000a\000d\000o\000\040\000s\000u\000p\000e\000r\000f\000i\000c\000i\000a\000l}{section.4}% 9
\BOOKMARK [2][-]{subsection.4.4}{\376\377\000C\000a\000r\000\341\000c\000t\000e\000r\000\040\000d\000e\000l\000\040\000g\000r\000a\000n\000o}{section.4}% 10
\BOOKMARK [1][-]{section.5}{\376\377\000D\000i\000s\000t\000r\000i\000b\000u\000c\000i\000\363\000n\000\040\000R\000a\000d\000i\000a\000l\000\040\000d\000e\000\040\000l\000a\000\040\000C\000\341\000m\000a\000r\000a}{}% 11
\BOOKMARK [2][-]{subsection.5.1}{\376\377\000D\000i\000a\000g\000r\000a\000m\000a\000\040\000d\000e\000\040\000s\000e\000c\000c\000i\000\363\000n\000\040\000t\000r\000a\000n\000s\000v\000e\000r\000s\000a\000l}{section.5}% 12
\BOOKMARK [1][-]{section.6}{\376\377\000M\000a\000t\000e\000r\000i\000a\000l\000e\000s\000\040\000d\000e\000\040\000l\000a\000\040\000C\000\341\000m\000a\000r\000a}{}% 13
\BOOKMARK [2][-]{subsection.6.1}{\376\377\000C\000a\000r\000c\000a\000s\000a\000:\000\040\000A\000c\000e\000r\000o\000\040\000A\000I\000S\000I\000\040\0004\0001\0003\0000}{section.6}% 14
\BOOKMARK [2][-]{subsection.6.2}{\376\377\000L\000i\000n\000e\000r\000:\000\040\000R\000e\000s\000i\000n\000a\000\040\000E\000p\000o\000x\000i}{section.6}% 15
\BOOKMARK [2][-]{subsection.6.3}{\376\377\000A\000i\000s\000l\000a\000n\000t\000e\000\040\000t\000\351\000r\000m\000i\000c\000o\000:\000\040\000E\000P\000D\000M}{section.6}% 16
\BOOKMARK [1][-]{section.7}{\376\377\000T\000o\000b\000e\000r\000a}{}% 17
\BOOKMARK [2][-]{subsection.7.1}{\376\377\000D\000e\000c\000i\000s\000i\000\363\000n\000\040\000d\000e\000\040\000d\000i\000s\000e\000\361\000o}{section.7}% 18
\BOOKMARK [2][-]{subsection.7.2}{\376\377\000P\000a\000r\000\341\000m\000e\000t\000r\000o\000s\000\040\000d\000e\000\040\000l\000a\000\040\000t\000o\000b\000e\000r\000a}{section.7}% 19
\BOOKMARK [1][-]{section.8}{\376\377\000S\000e\000c\000u\000e\000n\000c\000i\000a\000\040\000d\000e\000\040\000I\000g\000n\000i\000c\000i\000\363\000n}{}% 20
\BOOKMARK [1][-]{section.9}{\376\377\000R\000e\000s\000u\000m\000e\000n\000\040\000d\000e\000\040\000P\000a\000r\000\341\000m\000e\000t\000r\000o\000s\000\040\000C\000o\000n\000g\000e\000l\000a\000d\000o\000s}{}% 21
\BOOKMARK [1][-]{section.10}{\376\377\000E\000l\000e\000m\000e\000n\000t\000o\000s\000\040\000P\000e\000n\000d\000i\000e\000n\000t\000e\000s}{}% 22
