\BOOKMARK [1][-]{section.1}{\376\377\000C\000o\000n\000t\000e\000x\000t\000o}{}% 1
\BOOKMARK [1][-]{section.2}{\376\377\000P\000a\000r\000\341\000m\000e\000t\000r\000o\000s\000\040\000d\000e\000\040\000V\000u\000e\000l\000o\000\040\000R\000e\000l\000e\000v\000a\000n\000t\000e\000s}{}% 2
\BOOKMARK [1][-]{section.3}{\376\377\000P\000l\000a\000t\000a\000f\000o\000r\000m\000a\000\040\000d\000e\000\040\000L\000a\000n\000z\000a\000m\000i\000e\000n\000t\000o}{}% 3
\BOOKMARK [2][-]{subsection.3.1}{\376\377\000F\000i\000l\000o\000s\000o\000f\000\355\000a\000\040\000d\000e\000\040\000d\000i\000s\000e\000\361\000o}{section.3}% 4
\BOOKMARK [2][-]{subsection.3.2}{\376\377\000E\000s\000p\000e\000c\000i\000f\000i\000c\000a\000c\000i\000o\000n\000e\000s}{section.3}% 5
\BOOKMARK [2][-]{subsection.3.3}{\376\377\000V\000e\000r\000i\000f\000i\000c\000a\000c\000i\000\363\000n\000\040\000t\000\351\000r\000m\000i\000c\000a\000:\000\040\000p\000l\000a\000c\000a\000\040\000d\000e\000\040\000i\000m\000p\000a\000c\000t\000o}{section.3}% 6
\BOOKMARK [2][-]{subsection.3.4}{\376\377\000E\000s\000q\000u\000e\000m\000a\000\040\000d\000e\000\040\000l\000a\000\040\000p\000l\000a\000t\000a\000f\000o\000r\000m\000a}{section.3}% 7
\BOOKMARK [1][-]{section.4}{\376\377\000E\000r\000e\000c\000t\000o\000r\000\040\000H\000i\000d\000r\000\341\000u\000l\000i\000c\000o\000\040\000d\000e\000\040\000P\000i\000v\000o\000t\000e}{}% 8
\BOOKMARK [2][-]{subsection.4.1}{\376\377\000C\000o\000n\000c\000e\000p\000t\000o\000\040\000d\000e\000\040\000d\000i\000s\000e\000\361\000o}{section.4}% 9
\BOOKMARK [2][-]{subsection.4.2}{\376\377\000A\000n\000\341\000l\000i\000s\000i\000s\000\040\000d\000e\000\040\000f\000u\000e\000r\000z\000a\000s}{section.4}% 10
\BOOKMARK [2][-]{subsection.4.3}{\376\377\000D\000e\000s\000p\000l\000a\000z\000a\000m\000i\000e\000n\000t\000o\000\040\000d\000e\000l\000\040\000C\000G\000\040\000d\000u\000r\000a\000n\000t\000e\000\040\000e\000l\000\040\000c\000o\000n\000s\000u\000m\000o\000\040\000d\000e\000\040\000p\000r\000o\000p\000e\000l\000e\000n\000t\000e}{section.4}% 11
\BOOKMARK [2][-]{subsection.4.4}{\376\377\000E\000s\000p\000e\000c\000i\000f\000i\000c\000a\000c\000i\000o\000n\000e\000s\000\040\000d\000e\000l\000\040\000e\000r\000e\000c\000t\000o\000r}{section.4}% 12
\BOOKMARK [2][-]{subsection.4.5}{\376\377\000E\000s\000q\000u\000e\000m\000a\000\040\000d\000e\000l\000\040\000e\000r\000e\000c\000t\000o\000r}{section.4}% 13
\BOOKMARK [1][-]{section.5}{\376\377\000A\000n\000\341\000l\000i\000s\000i\000s\000\040\000d\000e\000\040\000R\000i\000e\000s\000g\000o\000\040\000C\000i\000n\000\351\000t\000i\000c\000o\000\040\000y\000\040\000Z\000o\000n\000a\000\040\000N\000O\000T\000A\000M}{}% 14
\BOOKMARK [2][-]{subsection.5.1}{\376\377\000E\000s\000c\000e\000n\000a\000r\000i\000o\000\040\000d\000e\000\040\000p\000e\000o\000r\000\040\000c\000a\000s\000o}{section.5}% 15
\BOOKMARK [2][-]{subsection.5.2}{\376\377\000E\000n\000e\000r\000g\000\355\000a\000\040\000c\000i\000n\000\351\000t\000i\000c\000a\000\040\000m\000\341\000x\000i\000m\000a}{section.5}% 16
\BOOKMARK [2][-]{subsection.5.3}{\376\377\000A\000l\000c\000a\000n\000c\000e\000\040\000m\000\341\000x\000i\000m\000o\000\040\000e\000n\000\040\000t\000r\000a\000y\000e\000c\000t\000o\000r\000i\000a\000\040\000b\000a\000l\000\355\000s\000t\000i\000c\000a}{section.5}% 17
\BOOKMARK [2][-]{subsection.5.4}{\376\377\000R\000a\000d\000i\000o\000\040\000N\000O\000T\000A\000M\000\040\000a\000d\000o\000p\000t\000a\000d\000o}{section.5}% 18
\BOOKMARK [1][-]{section.6}{\376\377\000S\000e\000c\000u\000e\000n\000c\000i\000a\000\040\000d\000e\000\040\000O\000p\000e\000r\000a\000c\000i\000o\000n\000e\000s\000\040\000d\000e\000\040\000L\000a\000n\000z\000a\000m\000i\000e\000n\000t\000o}{}% 19
\BOOKMARK [1][-]{section.7}{\376\377\000E\000l\000e\000m\000e\000n\000t\000o\000s\000\040\000P\000e\000n\000d\000i\000e\000n\000t\000e\000s}{}% 20
